// Jest Snapshot v1, https://goo.gl/fbAQLP

exports[`TextInput should render correctly 1`] = `"<input placeholder=\\"sample placeholder\\" class=\\"sc-bdVaJa fPXnUv\\" value=\\"sample name\\">"`;
