// Jest Snapshot v1, https://goo.gl/fbAQLP

exports[`Icon should render correctly 1`] = `"<i class=\\"sc-ifAKCX dgpzsC\\"><svg>user.svg</svg></i>"`;
